
> lark_clone_temp@0.1.0 build
> next build

   Γû▓ Next.js 16.0.10 (Turbopack)

   Creating an optimized production build ...
 Γ£ô Compiled successfully in 9.6s
   Running TypeScript ...
node.exe : Failed to compile.
At line:1 char:1
+ & "C:\Program 
Files\nodejs/node.exe" 
"C:\Users\STL16\AppData\Roaming\ 
...
+ ~~~~~~~~~~~~~~~~~~~~~~~~~~~~~~~~~
~~~~~~~~~~~~~~~~~~~~~~~~~~~~~~~~~~~
~
    + CategoryInfo          : NotS 
   pecified: (Failed to compile.:  
  String) [], RemoteException
    + FullyQualifiedErrorId : Nati 
   veCommandError
 

./src/app/(main)/lms/[courseId]/qui
z/create/page.tsx:24:13
Type error: Type 'ParamValue' is 
not assignable to type 'string | 
undefined'.
  Type 'string[]' is not 
assignable to type 'string'.

[0m [90m 22 |[39m     
[36mconst[39m handleCreate 
[33m=[39m [36masync[39m () 
[33m=>[39m {
 [90m 23 |[39m         
[36mconst[39m { error } 
[33m=[39m [36mawait[39m 
createQuiz({
[31m[1m>[22m[39m[90m 24 
|[39m             
course_id[33m:[39m params[33m.[
39mcourseId[33m,[39m
 [90m    |[39m             
[31m[1m^[22m[39m
 [90m 25 |[39m             
title[33m,[39m
 [90m 26 |[39m             
description[33m,[39m
 [90m 27 |[39m             
time_limit_minutes[33m:[39m 
duration[33m,[39m[0m
Next.js build worker exited with 
code: 1 and signal: null
